******************************************************************************
                  TMS470 Linker PC v4.9.5                      
******************************************************************************
>> Linked Fri May 24 20:50:33 2013

OUTPUT FILE NAME:   <Copy of usb_dev_msc.out>
ENTRY POINT SYMBOL: "_c_int00"  address: 000050cd


MEMORY CONFIGURATION

         name            origin    length      used     unused   attr    fill
----------------------  --------  ---------  --------  --------  ----  --------
  FLASH                 00000000   00040000  00006774  0003988c  R  X
  SRAM                  20000000   00008000  00007b46  000004ba  RW X


SEGMENT ALLOCATION MAP

run origin  load origin   length   init length attrs members
----------  ----------- ---------- ----------- ----- -------
00000000    00000000    00006778   00006778    r-x
  00000000    00000000    0000026c   0000026c    r-- .intvecs
  0000026c    0000026c    00005f18   00005f18    r-x .text
  00006188    00006188    00000440   00000440    r-- .const
  000065c8    000065c8    000001b0   000001b0    r-- .cinit
20000000    20000000    0000026c   00000000    rw-
  20000000    20000000    0000026c   00000000    rw- .vtable
20000400    20000400    00007574   00000000    rw-
  20000400    20000400    00007174   00000000    rw- .bss
  20007574    20007574    00000400   00000000    rw- .stack
20007978    20007978    00000366   00000366    rw-
  20007978    20007978    00000366   00000366    rw- .data


SECTION ALLOCATION MAP

 output                                  attributes/
section   page    origin      length       input sections
--------  ----  ----------  ----------   ----------------
.intvecs   0    00000000    0000026c     
                  00000000    0000026c     startup_ccs.obj (.intvecs)

.init_array 
*          0    00000000    00000000     UNINITIALIZED

.text      0    0000026c    00005f18     
                  0000026c    000002c4     rtsv7M4_T_le_v4SPD16_eabi.lib : xsin.obj (.text)
                  00000530    00000266     uartstdio.obj (.text:UARTprintf)
                  00000796    00000002     startup_ccs.obj (.text:FaultISR)
                  00000798    00000220     usblib-cm4f.lib : usbdmsc.obj (.text:HandleEndpoints)
                  000009b8    0000021e     ff.obj (.text:chk_mounted)
                  00000bd6    00000002     startup_ccs.obj (.text:IntDefaultHandler)
                  00000bd8    000001d8     driverlib-cm4f.lib : sysctl.obj (.text:SysCtlClockGet)
                  00000db0    000001b6     rtsv7M4_T_le_v4SPD16_eabi.lib : fd_add_t2.obj (.text)
                  00000f66    00000002     startup_ccs.obj (.text:NmiSR)
                  00000f68    000001a1     usb_dev_msc.obj (.text:initSD)
                  00001109    00000001     --HOLE-- [fill = 0]
                  0000110a    0000018e     mmc-ek-lm4f232h5qd.obj (.text:disk_ioctl)
                  00001298    00000188     usblib-cm4f.lib : usbdconfig.obj (.text:USBDeviceConfig)
                  00001420    00000186     usb_dev_msc.obj (.text:Timer0IntHandler)
                  000015a6    00000002     usb_dev_msc.obj (.text:emptyFunction)
                  000015a8    0000017c     rtsv7M4_T_le_v4SPD16_eabi.lib : fmod.obj (.text)
                  00001724    00000176     usb_dev_msc.obj (.text:biquad_gen)
                  0000189a    00000002     --HOLE-- [fill = 0]
                  0000189c    00000175     usb_dev_msc.obj (.text:scanButtons)
                  00001a11    00000001     --HOLE-- [fill = 0]
                  00001a12    0000016e     mmc-ek-lm4f232h5qd.obj (.text:disk_initialize)
                  00001b80    00000168     ff.obj (.text:create_name)
                  00001ce8    00000160     usblib-cm4f.lib : usbdenum.obj (.text:USBDEP0StateTxConfig)
                  00001e48    00000152     usb_dev_msc.obj (.text:checkSamples)
                  00001f9a    00000002     --HOLE-- [fill = 0]
                  00001f9c    0000013c     driverlib-cm4f.lib : sysctl.obj (.text:SysCtlClockSet)
                  000020d8    0000013c     dsplib-cm4f.lib : arm_biquad_cascade_df1_f32.obj (.text:arm_biquad_cascade_df1_f32)
                  00002214    00000136     rtsv7M4_T_le_v4SPD16_eabi.lib : fd_div_t2.obj (.text)
                  0000234a    00000134     usb_dev_msc.obj (.text:checkADC)
                  0000247e    00000122     ff.obj (.text:f_read)
                  000025a0    00000108     rtsv7M4_T_le_v4SPD16_eabi.lib : xdscale.obj (.text)
                  000026a8    000000fc     driverlib-cm4f.lib : gpio.obj (.text:GPIOGetIntNumber)
                  000027a4    000000fc     rtsv7M4_T_le_v4SPD16_eabi.lib : fd_mul_t2.obj (.text)
                  000028a0    000000f4     usblib-cm4f.lib : usbdenum.obj (.text:USBDCDInit)
                  00002994    000000e8     ff.obj (.text:f_lseek)
                  00002a7c    000000e4     usblib-cm4f.lib : usbdmsc.obj (.text:USBDSCSIRead10)
                  00002b60    000000e0                     : usbdmsc.obj (.text:USBDSCSICommand)
                  00002c40    000000dc     mmc-ek-lm4f232h5qd.obj (.text:disk_write)
                  00002d1c    000000d4     usblib-cm4f.lib : usbdenum.obj (.text:USBDeviceEnumHandler)
                  00002df0    000000d0                     : usbdenum.obj (.text:USBDGetDescriptor)
                  00002ec0    000000d0     ff.obj (.text:get_fat)
                  00002f90    000000c8     driverlib-cm4f.lib : gpio.obj (.text:GPIOPadConfigSet)
                  00003058    000000be     rtsv7M4_T_le_v4SPD16_eabi.lib : xdnorm.obj (.text)
                  00003116    00000002     --HOLE-- [fill = 0]
                  00003118    000000bc     usblib-cm4f.lib : usbdconfig.obj (.text:USBDeviceConfigAlternate)
                  000031d4    000000ba     usb_dev_msc.obj (.text:periphSetup)
                  0000328e    00000002     --HOLE-- [fill = 0]
                  00003290    000000b8     usblib-cm4f.lib : usbdmsc.obj (.text:USBDSCSIWrite10)
                  00003348    000000b2     mmc-ek-lm4f232h5qd.obj (.text:disk_read)
                  000033fa    00000002     --HOLE-- [fill = 0]
                  000033fc    000000b0     usblib-cm4f.lib : usbdmsc.obj (.text:USBDMSCCompositeInit)
                  000034ac    000000ae     usb_dev_msc.obj (.text:timerSetup)
                  0000355a    00000002     --HOLE-- [fill = 0]
                  0000355c    000000a4     usblib-cm4f.lib : usbdenum.obj (.text:USBDeviceIntHandlerInternal)
                  00003600    000000a0     mmc-ek-lm4f232h5qd.obj (.text:power_on)
                  000036a0    0000009c     usb_dev_msc.obj (.text:initButtons)
                  0000373c    0000009c     rtsv7M4_T_le_v4SPD16_eabi.lib : memcpy_t2.obj (.text)
                  000037d8    00000098     uartstdio.obj (.text:UARTgets)
                  00003870    00000094     driverlib-cm4f.lib : sysctl.obj (.text:SysCtlPeripheralReset)
                  00003904    00000094     ff.obj (.text:follow_path)
                  00003998    00000094     rtsv7M4_T_le_v4SPD16_eabi.lib : auto_init.obj (.text)
                  00003a2c    0000008e     usb_dev_msc.obj (.text:notchPassFunction)
                  00003aba    00000002     --HOLE-- [fill = 0]
                  00003abc    0000008c     usblib-cm4f.lib : usbdmsc.obj (.text:USBDSCSIReadCapacities)
                  00003b48    0000008c                     : usbdmsc.obj (.text:USBDSCSIReadCapacity)
                  00003bd4    00000088                     : usbdmsc.obj (.text:USBDSCSIInquiry)
                  00003c5c    00000086     dsplib-cm4f.lib : arm_add_f32.obj (.text:arm_add_f32)
                  00003ce2    00000086     ff.obj (.text:f_open)
                  00003d68    00000084     usblib-cm4f.lib : usbdmsc.obj (.text:HandleDevice)
                  00003dec    00000084                     : usbdenum.obj (.text:USBDClearFeature)
                  00003e70    00000084                     : usbdmsc.obj (.text:USBDSCSIModeSense6)
                  00003ef4    00000084                     : usbdenum.obj (.text:USBDSetConfiguration)
                  00003f78    00000084                     : usbdenum.obj (.text:USBDSetInterface)
                  00003ffc    00000084     ff.obj (.text:dir_sdi)
                  00004080    00000084     usb_dev_msc.obj (.text:mainUSB)
                  00004104    00000080     usb_dev_msc.obj (.text:loadSample)
                  00004184    00000080     driverlib-cm4f.lib : udma.obj (.text:uDMAChannelTransferSet)
                  00004204    0000007e     ff.obj (.text:dir_next)
                  00004282    0000007e     rtsv7M4_T_le_v4SPD16_eabi.lib : fd_cmp_t2.obj (.text)
                  00004300    0000007c     usb_dev_msc.obj (.text:bandPassFunction)
                  0000437c    0000007c     mmc-ek-lm4f232h5qd.obj (.text:send_cmd)
                  000043f8    0000007a     usb_dev_msc.obj (.text:lowPassFunction)
                  00004472    00000002     --HOLE-- [fill = 0]
                  00004474    00000078     usblib-cm4f.lib : usbdenum.obj (.text:USBDGetStatus)
                  000044ec    00000076     driverlib-cm4f.lib : usb.obj (.text:USBDevEndpointConfigSet)
                  00004562    00000076     usb_dev_msc.obj (.text:highPassFunction)
                  000045d8    00000072     ff.obj (.text:check_fs)
                  0000464a    00000002     --HOLE-- [fill = 0]
                  0000464c    00000070     usblib-cm4f.lib : usbdmsc.obj (.text:ConfigChangeHandler)
                  000046bc    00000070     usb_dev_msc.obj (.text:USBDMSCEventCallback)
                  0000472c    00000070     usb_dev_msc.obj (.text:main)
                  0000479c    0000006c     driverlib-cm4f.lib : adc.obj (.text:ADCSequenceStepConfigure)
                  00004808    0000006c     uartstdio.obj (.text:UARTStdioConfig)
                  00004874    0000006c     usblib-cm4f.lib : usbdenum.obj (.text:USBDSetFeature)
                  000048e0    0000006c     mmc-ek-lm4f232h5qd.obj (.text:xmit_datablock)
                  0000494c    0000006a     dsplib-cm4f.lib : arm_scale_f32.obj (.text:arm_scale_f32)
                  000049b6    00000002     --HOLE-- [fill = 0]
                  000049b8    00000068     usblib-cm4f.lib : usbdenum.obj (.text:USBDEP0StateTx)
                  00004a20    00000066     mmc-ek-lm4f232h5qd.obj (.text:send_initial_clock_train)
                  00004a86    00000002     --HOLE-- [fill = 0]
                  00004a88    00000064     driverlib-cm4f.lib : interrupt.obj (.text:IntEnable)
                  00004aec    00000060     usblib-cm4f.lib : usbdmsc.obj (.text:USBDSCSIRequestSense)
                  00004b4c    00000060     usb_dev_msc.obj (.text:initTempoLed)
                  00004bac    0000005e     driverlib-cm4f.lib : usb.obj (.text:USBDevEndpointStatusClear)
                  00004c0a    0000005e     rtsv7M4_T_le_v4SPD16_eabi.lib : copy_decompress_rle.obj (.text)
                  00004c68    0000005c     mmc-ek-lm4f232h5qd.obj (.text:set_max_speed)
                  00004cc4    00000058     driverlib-cm4f.lib : sysctl.obj (.text:SysCtlPeripheralEnable)
                  00004d1c    00000058     usblib-cm4f.lib : usbdenum.obj (.text:USBDReadAndDispatchRequest)
                  00004d74    00000058                     : usbdenum.obj (.text:USBDStringIndexFromRequest)
                  00004dcc    00000054                     : usbdconfig.obj (.text:GetEPDescriptorType)
                  00004e20    00000050                     : usbdcdesc.obj (.text:USBDCDConfigDescGet)
                  00004e70    00000050     driverlib-cm4f.lib : usb.obj (.text:USBDevEndpointStallClear)
                  00004ec0    0000004e     usblib-cm4f.lib : usbdcdesc.obj (.text:ConfigAlternateInterfaceGet)
                  00004f0e    0000004c     usb_dev_msc.obj (.text:openAndReadHeader)
                  00004f5a    00000002     --HOLE-- [fill = 0]
                  00004f5c    0000004c     rtsv7M4_T_le_v4SPD16_eabi.lib : cpy_tbl.obj (.text)
                  00004fa8    0000004a                                   : fd_tos_t2.obj (.text)
                  00004ff2    00000002     --HOLE-- [fill = 0]
                  00004ff4    00000048     driverlib-cm4f.lib : gpio.obj (.text:GPIOPinConfigure)
                  0000503c    00000048     usblib-cm4f.lib : usbdenum.obj (.text:USBDeviceResumeTickHandler)
                  00005084    00000048     mmc-ek-lm4f232h5qd.obj (.text:rcvr_datablock)
                  000050cc    00000048     rtsv7M4_T_le_v4SPD16_eabi.lib : boot.obj (.text)
                  00005114    00000048                                   : fd_toi_t2.obj (.text)
                  0000515c    00000046     uartstdio.obj (.text:UARTwrite)
                  000051a2    00000046     driverlib-cm4f.lib : usb.obj (.text:USBFIFOConfigSet)
                  000051e8    00000044                        : gpio.obj (.text:GPIOIntTypeSet)
                  0000522c    00000044                        : ssi.obj (.text:SSIConfigSetExpClk)
                  00005270    00000044     usblib-cm4f.lib : usbdenum.obj (.text:USBDGetInterface)
                  000052b4    00000044     driverlib-cm4f.lib : usb.obj (.text:USBEndpointDataGet)
                  000052f8    00000044     rtsv7M4_T_le_v4SPD16_eabi.lib : exit.obj (.text)
                  0000533c    00000044                                   : xdtest.obj (.text)
                  00005380    00000044     driverlib-cm4f.lib : udma.obj (.text:uDMAChannelAttributeDisable)
                  000053c4    00000042     ff.obj (.text:dir_find)
                  00005406    00000042     rtsv7M4_T_le_v4SPD16_eabi.lib : u_divt2.obj (.text)
                  00005448    00000040     usb_dev_msc.obj (.text:Timer3IntHandler)
                  00005488    00000040     rtsv7M4_T_le_v4SPD16_eabi.lib : signal.obj (.text)
                  000054c8    0000003e     usblib-cm4f.lib : usbdconfig.obj (.text:GetEndpointFIFOSize)
                  00005506    0000003a                     : usbdcdesc.obj (.text:USBDCDConfigGetInterfaceEndpoint)
                  00005540    00000038                     : usbdenum.obj (.text:USBDGetConfiguration)
                  00005578    00000038     driverlib-cm4f.lib : usb.obj (.text:USBIntStatusControl)
                  000055b0    00000038     rtsv7M4_T_le_v4SPD16_eabi.lib : fs_tod_t2.obj (.text)
                  000055e8    00000036     usblib-cm4f.lib : usbdcdesc.obj (.text:NextConfigDescGet)
                  0000561e    00000036     driverlib-cm4f.lib : usb.obj (.text:USBDevEndpointStall)
                  00005654    00000034                        : interrupt.obj (.text:IntRegister)
                  00005688    00000034     usblib-cm4f.lib : usbtick.obj (.text:InternalUSBStartOfFrameTick)
                  000056bc    00000034                     : usbdmsc.obj (.text:USBDSCSISendStatus)
                  000056f0    00000034     rtsv7M4_T_le_v4SPD16_eabi.lib : feraiseexcept.obj (.text)
                  00005724    00000032     usblib-cm4f.lib : usbdenum.obj (.text:USBDeviceEnumResetHandler)
                  00005756    00000032     ff.obj (.text:mem_cpy)
                  00005788    00000032     mmc-ek-lm4f232h5qd.obj (.text:send_cmd12)
                  000057ba    00000002     --HOLE-- [fill = 0]
                  000057bc    00000030     usblib-cm4f.lib : usbtick.obj (.text:InternalUSBTickInit)
                  000057ec    00000030     usbdsdcard.obj (.text:USBDMSCStorageOpen)
                  0000581c    00000030     driverlib-cm4f.lib : usb.obj (.text:USBEndpointDataPut)
                  0000584c    00000030     rtsv7M4_T_le_v4SPD16_eabi.lib : xferaise.obj (.text)
                  0000587c    0000002e     driverlib-cm4f.lib : adc.obj (.text:ADCIntStatus)
                  000058aa    0000002e                        : gpio.obj (.text:GPIODirModeSet)
                  000058d8    0000002e                        : usb.obj (.text:USBEndpointDataSend)
                  00005906    0000002e     rtsv7M4_T_le_v4SPD16_eabi.lib : i_tofd_t2.obj (.text)
                  00005934    0000002e                                   : raise.obj (.text)
                  00005962    0000002c     usblib-cm4f.lib : usbdcdesc.obj (.text:USBDCDConfigDescGetNum)
                  0000598e    0000002c                     : usbdesc.obj (.text:USBDescGet)
                  000059ba    00000002     --HOLE-- [fill = 0]
                  000059bc    0000002c     driverlib-cm4f.lib : udma.obj (.text:uDMAChannelModeGet)
                  000059e8    0000002a                        : adc.obj (.text:ADCSequenceConfigure)
                  00005a12    0000002a     ff.obj (.text:f_mount)
                  00005a3c    00000028     driverlib-cm4f.lib : timer.obj (.text:TimerConfigure)
                  00005a64    00000028     usblib-cm4f.lib : usbdesc.obj (.text:USBDescGetNum)
                  00005a8c    00000028     driverlib-cm4f.lib : usb.obj (.text:USBIntEnableControl)
                  00005ab4    00000028     ff.obj (.text:mem_set)
                  00005adc    00000028     ff.obj (.text:move_window)
                  00005b04    00000028     mmc-ek-lm4f232h5qd.obj (.text:rcvr_spi)
                  00005b2c    00000026     mmc-ek-lm4f232h5qd.obj (.text:disk_timerproc)
                  00005b52    00000002     --HOLE-- [fill = 0]
                  00005b54    00000024     usblib-cm4f.lib : usbdenum.obj (.text:USBDSetAddress)
                  00005b78    00000024     driverlib-cm4f.lib : usb.obj (.text:USBDevEndpointDataAck)
                  00005b9c    00000024                        : usb.obj (.text:USBEndpointDMADisable)
                  00005bc0    00000024                        : usb.obj (.text:USBEndpointDMAEnable)
                  00005be4    00000024                        : udma.obj (.text:uDMAChannelControlSet)
                  00005c08    00000024     ff.obj (.text:validate)
                  00005c2c    00000024     mmc-ek-lm4f232h5qd.obj (.text:xmit_spi)
                  00005c50    00000022     usblib-cm4f.lib : usbdmsc.obj (.text:HandleDisconnect)
                  00005c72    00000020     driverlib-cm4f.lib : adc.obj (.text:ADCSequenceDataGet)
                  00005c92    00000002     --HOLE-- [fill = 0]
                  00005c94    00000020     usblib-cm4f.lib : usbmode.obj (.text:USBStackModeSet)
                  00005cb4    0000001e     uartstdio.obj (.text:UARTStdioInit)
                  00005cd2    00000002     --HOLE-- [fill = 0]
                  00005cd4    0000001c     usblib-cm4f.lib : usbdmsc.obj (.text:HandleRequests)
                  00005cf0    0000001c                     : usbdcdesc.obj (.text:USBDCDConfigGetInterface)
                  00005d0c    0000001c                     : usbdenum.obj (.text:USBDCDStallEP0)
                  00005d28    0000001c     usbdsdcard.obj (.text:USBDMSCStorageClose)
                  00005d44    0000001c     ff.obj (.text:mem_cmp)
                  00005d60    0000001a     usb_dev_msc.obj (.text:Timer2IntHandler)
                  00005d7a    0000001a     driverlib-cm4f.lib : usb.obj (.text:USBEndpointDMAChannel)
                  00005d94    0000001a     rtsv7M4_T_le_v4SPD16_eabi.lib : cos.obj (.text)
                  00005dae    0000001a                                   : sin.obj (.text)
                  00005dc8    0000001a     usb_dev_msc.obj (.text:setRowPinHigh)
                  00005de2    00000018     driverlib-cm4f.lib : gpio.obj (.text:GPIOPortIntRegister)
                  00005dfa    00000018     usb_dev_msc.obj (.text:SysTickHandler)
                  00005e12    00000002     --HOLE-- [fill = 0]
                  00005e14    00000018     usblib-cm4f.lib : usbdhandler.obj (.text:USB0DeviceIntHandler)
                  00005e2c    00000018                     : usbdcdesc.obj (.text:USBDCDConfigDescGetSize)
                  00005e44    00000018                     : usbdmsc.obj (.text:USBDMSCInit)
                  00005e5c    00000018                     : usbdenum.obj (.text:USBDSetDescriptor)
                  00005e74    00000018                     : usbdenum.obj (.text:USBDSyncFrame)
                  00005e8c    00000018     ff.obj (.text:clust2sect)
                  00005ea4    00000018     rtsv7M4_T_le_v4SPD16_eabi.lib : _lock.obj (.text)
                  00005ebc    00000018                                   : args_main.obj (.text)
                  00005ed4    00000018     driverlib-cm4f.lib : udma.obj (.text:uDMAChannelEnable)
                  00005eec    00000016                        : adc.obj (.text:ADCProcessorTrigger)
                  00005f02    00000016     usbdsdcard.obj (.text:USBDMSCStorageRead)
                  00005f18    00000016     usbdsdcard.obj (.text:USBDMSCStorageWrite)
                  00005f2e    00000016     driverlib-cm4f.lib : usb.obj (.text:USBHostResume)
                  00005f44    00000016                        : usb.obj (.text:USBIndexWrite)
                  00005f5a    00000014                        : usb.obj (.text:USBIntEnableEndpoint)
                  00005f6e    00000012                        : gpio.obj (.text:GPIOPinTypeGPIOInput)
                  00005f80    00000012                        : gpio.obj (.text:GPIOPinTypeGPIOOutput)
                  00005f92    00000012                        : gpio.obj (.text:GPIOPinTypeSSI)
                  00005fa4    00000012                        : gpio.obj (.text:GPIOPinTypeUART)
                  00005fb6    00000012                        : gpio.obj (.text:GPIOPinTypeUSBAnalog)
                  00005fc8    00000012                        : ssi.obj (.text:SSIDataGetNonBlocking)
                  00005fda    00000012                        : timer.obj (.text:TimerLoadSet)
                  00005fec    00000012                        : usb.obj (.text:USBEndpointStatus)
                  00005ffe    00000012     rtsv7M4_T_le_v4SPD16_eabi.lib : copy_zero_init.obj (.text:decompress:ZI)
                  00006010    00000012     mmc-ek-lm4f232h5qd.obj (.text:disk_status)
                  00006022    00000002     --HOLE-- [fill = 0]
                  00006024    00000010     driverlib-cm4f.lib : fpu.obj (.text:FPUEnable)
                  00006034    00000010                        : fpu.obj (.text:FPULazyStackingEnable)
                  00006044    00000010                        : sysctl.obj (.text:SysCtlUSBPLLEnable)
                  00006054    00000010     usblib-cm4f.lib : usbdenum.obj (.text:USBDCDSendDataEP0)
                  00006064    00000010     usbdsdcard.obj (.text:USBDMSCStorageNumBlocks)
                  00006074    00000010     driverlib-cm4f.lib : udma.obj (.text:uDMAEnable)
                  00006084    0000000e                        : adc.obj (.text:ADCSequenceEnable)
                  00006092    0000000e                        : timer.obj (.text:TimerEnable)
                  000060a0    0000000e     rtsv7M4_T_le_v4SPD16_eabi.lib : copy_decompress_none.obj (.text:decompress:none)
                  000060ae    0000000e     usb_dev_msc.obj (.text:keyPressHandler)
                  000060bc    0000000c     driverlib-cm4f.lib : cpu.obj (.text:CPUcpsid)
                  000060c8    0000000c                        : cpu.obj (.text:CPUcpsie)
                  000060d4    0000000c                        : usb.obj (.text:USBIntStatusEndpoint)
                  000060e0    0000000c                        : udma.obj (.text:uDMAControlBaseSet)
                  000060ec    0000000a                        : gpio.obj (.text:GPIOPinRead)
                  000060f6    0000000a                        : gpio.obj (.text:GPIOPinWrite)
                  00006100    0000000a                        : interrupt.obj (.text:IntMasterDisable)
                  0000610a    0000000a                        : interrupt.obj (.text:IntMasterEnable)
                  00006114    0000000a                        : ssi.obj (.text:SSIDataPut)
                  0000611e    0000000a                        : ssi.obj (.text:SSIEnable)
                  00006128    0000000a                        : usb.obj (.text:USBDevConnect)
                  00006132    0000000a                        : usb.obj (.text:USBDevDisconnect)
                  0000613c    00000008                        : ssi.obj (.text:SSIBusy)
                  00006144    00000008                        : timer.obj (.text:TimerIntEnable)
                  0000614c    00000008                        : usb.obj (.text:USBDevMode)
                  00006154    00000008                        : usb.obj (.text:USBFIFOAddrGet)
                  0000615c    00000008                        : usb.obj (.text:USBOTGMode)
                  00006164    00000006                        : gpio.obj (.text:GPIOPinIntClear)
                  0000616a    00000006     startup_ccs.obj (.text:ResetISR)
                  00006170    00000006     driverlib-cm4f.lib : sysctl.obj (.text:SysCtlDelay)
                  00006176    00000006     rtsv7M4_T_le_v4SPD16_eabi.lib : copy_decompress_rle.obj (.text:decompress:rle24)
                  0000617c    00000004     driverlib-cm4f.lib : timer.obj (.text:TimerIntClear)
                  00006180    00000004                        : usb.obj (.text:USBDevAddrSet)

.const     0    00006188    00000440     
                  00006188    00000078     driverlib-cm4f.lib : gpio.obj (.const:g_pulGPIOBaseAddrs)
                  00006200    00000078     usblib-cm4f.lib : usbdmsc.obj (.const:g_sUSBMSCFIFOConfig)
                  00006278    00000070     driverlib-cm4f.lib : interrupt.obj (.const)
                  000062e8    0000006c                        : sysctl.obj (.const:g_pulXtals)
                  00006354    00000048     usb_msc_structs.obj (.const:g_sMSCDevice)
                  0000639c    00000040     driverlib-cm4f.lib : sysctl.obj (.const)
                  000063dc    00000035     usblib-cm4f.lib : usbdmsc.obj (.const)
                  00006411    00000003     --HOLE-- [fill = 0]
                  00006414    00000034                     : usbdenum.obj (.const:g_psUSBDStdRequests)
                  00006448    00000030     rtsv7M4_T_le_v4SPD16_eabi.lib : xsin.obj (.const:c)
                  00006478    00000030     usb_msc_structs.obj (.const:g_pConfigString)
                  000064a8    00000030     rtsv7M4_T_le_v4SPD16_eabi.lib : xsin.obj (.const:s)
                  000064d8    00000030     usb_dev_msc.obj (.const)
                  00006508    00000030     usb_msc_structs.obj (.const)
                  00006538    00000028     usb_msc_structs.obj (.const:g_pDataInterfaceString)
                  00006560    00000028     usb_msc_structs.obj (.const:g_pProductString)
                  00006588    00000024     usb_msc_structs.obj (.const:g_pManufacturerString)
                  000065ac    0000001c     uartstdio.obj (.const)

.cinit     0    000065c8    000001b0     
                  000065c8    0000017b     (.cinit..data.load) [load image, compression = rle]
                  00006743    00000001     --HOLE-- [fill = 0]
                  00006744    0000000c     (__TI_handler_table)
                  00006750    00000008     (.cinit..bss.load) [load image, compression = zero_init]
                  00006758    00000008     (.cinit..vtable.load) [load image, compression = zero_init]
                  00006760    00000018     (__TI_cinit_table)

.vtable    0    20000000    0000026c     UNINITIALIZED
                  20000000    0000026c     driverlib-cm4f.lib : interrupt.obj (.vtable)

.bss       0    20000400    00007174     UNINITIALIZED
                  20000400    00006964     usb_dev_msc.obj (.bss:wavPlayer)
                  20006d64    00000230     usb_msc_structs.obj (.bss:g_sMSCInstance)
                  20006f94    00000064     usb_dev_msc.obj (.bss)
                  20006ff8    00000007     ff.obj (.bss)
                  20006fff    00000001     --HOLE--
                  20007000    00000400     usb_dev_msc.obj (.bss:sDMAControlTable)
                  20007400    00000054     usblib-cm4f.lib : usbdenum.obj (.bss:g_psUSBDevice)
                  20007454    00000050     usb_dev_msc.obj (.bss:mpcConfig)
                  200074a4    00000040     usblib-cm4f.lib : usbdmsc.obj (.bss:g_pucCommand)
                  200074e4    00000040                     : usbdenum.obj (.bss:g_pucDataBufferIn)
                  20007524    00000030                     : usbtick.obj (.bss)
                  20007554    0000000d                     : usbdmsc.obj (.bss)
                  20007561    00000003     mmc-ek-lm4f232h5qd.obj (.bss)
                  20007564    0000000c     usblib-cm4f.lib : usbmode.obj (.bss)
                  20007570    00000004     usbdsdcard.obj (.bss)

.stack     0    20007574    00000400     UNINITIALIZED
                  20007574    00000400     --HOLE--

.data      0    20007978    00000366     
                  20007978    00000100     usb_dev_msc.obj (.data:filenames)
                  20007a78    000000b0     rtsv7M4_T_le_v4SPD16_eabi.lib : signal.obj (.data:sigtable)
                  20007b28    00000080                                   : xvalues.obj (.data)
                  20007ba8    00000080     usb_dev_msc.obj (.data)
                  20007c28    0000004c     usblib-cm4f.lib : usbdmsc.obj (.data:g_sMSCDeviceInfo)
                  20007c74    00000024                     : usbdmsc.obj (.data)
                  20007c98    0000000c                     : usbtick.obj (.data)
                  20007ca4    00000009                     : usbmode.obj (.data)
                  20007cad    00000003     --HOLE--
                  20007cb0    00000008     rtsv7M4_T_le_v4SPD16_eabi.lib : _lock.obj (.data)
                  20007cb8    00000008                                   : exit.obj (.data)
                  20007cc0    00000008                                   : feraiseexcept.obj (.data)
                  20007cc8    00000005     uartstdio.obj (.data)
                  20007ccd    00000003     --HOLE--
                  20007cd0    00000004     rtsv7M4_T_le_v4SPD16_eabi.lib : errno.obj (.data)
                  20007cd4    00000004                                   : stkdepth_vars.obj (.data)
                  20007cd8    00000004     usblib-cm4f.lib : usbdenum.obj (.data)
                  20007cdc    00000002     mmc-ek-lm4f232h5qd.obj (.data)


LINKER GENERATED COPY TABLES

__TI_cinit_table @ 00006760 records: 3, size/record: 8, table size: 24
	.data: load addr=000065c8, load size=0000017b bytes, run addr=20007978, run size=00000366 bytes, compression=rle
	.bss: load addr=00006750, load size=00000008 bytes, run addr=20000400, run size=00007174 bytes, compression=zero_init
	.vtable: load addr=00006758, load size=00000008 bytes, run addr=20000000, run size=0000026c bytes, compression=zero_init


LINKER GENERATED HANDLER TABLE

__TI_handler_table @ 00006744 records: 3, size/record: 4, table size: 12
	index: 0, handler: __TI_zero_init
	index: 1, handler: __TI_decompress_rle24
	index: 2, handler: __TI_decompress_none


GLOBAL SYMBOLS: SORTED ALPHABETICALLY BY Name 

address    name
--------   ----
0000587d   ADCIntStatus
00005eed   ADCProcessorTrigger
000059e9   ADCSequenceConfigure
00005c73   ADCSequenceDataGet
00006085   ADCSequenceEnable
0000479d   ADCSequenceStepConfigure
000052f9   C$$EXIT
000060bd   CPUcpsid
000060c9   CPUcpsie
00006025   FPUEnable
00006035   FPULazyStackingEnable
000058ab   GPIODirModeSet
000051e9   GPIOIntTypeSet
00002f91   GPIOPadConfigSet
00004ff5   GPIOPinConfigure
00006165   GPIOPinIntClear
000060ed   GPIOPinRead
00005f6f   GPIOPinTypeGPIOInput
00005f81   GPIOPinTypeGPIOOutput
00005f93   GPIOPinTypeSSI
00005fa5   GPIOPinTypeUART
00005fb7   GPIOPinTypeUSBAnalog
000060f7   GPIOPinWrite
00005de3   GPIOPortIntRegister
00004a89   IntEnable
00006101   IntMasterDisable
0000610b   IntMasterEnable
00005655   IntRegister
00005689   InternalUSBStartOfFrameTick
000057bd   InternalUSBTickInit
0000616b   ResetISR
UNDEFED    SHT$$INIT_ARRAY$$Base
UNDEFED    SHT$$INIT_ARRAY$$Limit
0000613d   SSIBusy
0000522d   SSIConfigSetExpClk
00005fc9   SSIDataGetNonBlocking
00006115   SSIDataPut
0000611f   SSIEnable
00000bd9   SysCtlClockGet
00001f9d   SysCtlClockSet
00006171   SysCtlDelay
00004cc5   SysCtlPeripheralEnable
00003871   SysCtlPeripheralReset
00006045   SysCtlUSBPLLEnable
00005dfb   SysTickHandler
00001421   Timer0IntHandler
00005d61   Timer2IntHandler
00005449   Timer3IntHandler
00005a3d   TimerConfigure
00006093   TimerEnable
0000617d   TimerIntClear
00006145   TimerIntEnable
00005fdb   TimerLoadSet
00004809   UARTStdioConfig
00005cb5   UARTStdioInit
000037d9   UARTgets
00000531   UARTprintf
0000515d   UARTwrite
00005e15   USB0DeviceIntHandler
00004e21   USBDCDConfigDescGet
00005963   USBDCDConfigDescGetNum
00005e2d   USBDCDConfigDescGetSize
00005cf1   USBDCDConfigGetInterface
00005507   USBDCDConfigGetInterfaceEndpoint
000028a1   USBDCDInit
00006055   USBDCDSendDataEP0
00005d0d   USBDCDStallEP0
000033fd   USBDMSCCompositeInit
000046bd   USBDMSCEventCallback
00005e45   USBDMSCInit
00005d29   USBDMSCStorageClose
00006065   USBDMSCStorageNumBlocks
000057ed   USBDMSCStorageOpen
00005f03   USBDMSCStorageRead
00005f19   USBDMSCStorageWrite
00002b61   USBDSCSICommand
0000598f   USBDescGet
00005a65   USBDescGetNum
00006181   USBDevAddrSet
00006129   USBDevConnect
00006133   USBDevDisconnect
000044ed   USBDevEndpointConfigSet
00005b79   USBDevEndpointDataAck
0000561f   USBDevEndpointStall
00004e71   USBDevEndpointStallClear
00004bad   USBDevEndpointStatusClear
0000614d   USBDevMode
00001299   USBDeviceConfig
00003119   USBDeviceConfigAlternate
00002d1d   USBDeviceEnumHandler
00005725   USBDeviceEnumResetHandler
0000355d   USBDeviceIntHandlerInternal
0000503d   USBDeviceResumeTickHandler
00005d7b   USBEndpointDMAChannel
00005b9d   USBEndpointDMADisable
00005bc1   USBEndpointDMAEnable
000052b5   USBEndpointDataGet
0000581d   USBEndpointDataPut
000058d9   USBEndpointDataSend
00005fed   USBEndpointStatus
00006155   USBFIFOAddrGet
000051a3   USBFIFOConfigSet
00005f2f   USBHostResume
00005a8d   USBIntEnableControl
00005f5b   USBIntEnableEndpoint
00005579   USBIntStatusControl
000060d5   USBIntStatusEndpoint
0000615d   USBOTGMode
00005c95   USBStackModeSet
20007b28   _Denorm
00003059   _Dnorm
000025a1   _Dscale
0000533d   _Dtest
20007b38   _Eps
20007cd0   _Errno
20007cc0   _Fenv
0000584d   _Feraise
20007b48   _Hugeval
20007b58   _Inf
20007b68   _Nan
20007b88   _Rteps
0000026d   _Sin
20007b78   _Snan
20007cc4   _Tls_setup__Fenv
20007b98   _Xbig
20007ba0   _Zero
20007974   __STACK_END
00000400   __STACK_SIZE
20007974   __STACK_TOP
00006760   __TI_CINIT_Base
00006778   __TI_CINIT_Limit
00006744   __TI_Handler_Table_Base
00006750   __TI_Handler_Table_Limit
00000001   __TI_args_main
00003999   __TI_auto_init
000060a1   __TI_decompress_none
00006177   __TI_decompress_rle24
00000000   __TI_static_base__
00005fff   __TI_zero_init
00004283   __aeabi_cdcmpeq
00004283   __aeabi_cdcmple
00004fa9   __aeabi_d2f
00005115   __aeabi_d2iz
00000dbb   __aeabi_dadd
00002215   __aeabi_ddiv
000027a5   __aeabi_dmul
00000db1   __aeabi_dsub
000055b1   __aeabi_f2d
00005907   __aeabi_i2d
0000373d   __aeabi_memcpy
0000373d   __aeabi_memcpy4
0000373d   __aeabi_memcpy8
00005407   __aeabi_uidivmod
ffffffff   __binit__
ffffffff   __c_args__
20007574   __stack
00005ebd   _args_main
000050cd   _c_int00
20007cb8   _cleanup_ptr
20007cbc   _dtors_ptr
20007cb0   _lock
00005eb1   _nop
00005eab   _register_lock
00005ea5   _register_unlock
20007cb4   _unlock
000052fd   abort
00003c5d   arm_add_f32
000020d9   arm_biquad_cascade_df1_f32
0000494d   arm_scale_f32
00004301   bandPassFunction
ffffffff   binit
00001725   biquad_gen
20007bb4   blockPointer
20007bc0   blockPointer_2
20007c0c   blockSize
0000234b   checkADC
00001e49   checkSamples
00005e8d   clust2sect
00004f5d   copy_in
00005d95   cos
00001a13   disk_initialize
0000110b   disk_ioctl
00003349   disk_read
00006011   disk_status
00005b2d   disk_timerproc
00002c41   disk_write
000015a7   emptyFunction
00005305   exit
00002995   f_lseek
00005a13   f_mount
00003ce3   f_open
0000247f   f_read
000056f1   feraiseexcept
20007978   filenames
000015a9   fmod
20007c14   func_ptr
20007c98   g_bUSBTimerInitialized
20006fec   g_eMSCState
20007568   g_eOTGModeState
20007ca4   g_eUSBMode
00006478   g_pConfigString
00006538   g_pDataInterfaceString
00006508   g_pLangDescriptor
0000640c   g_pMSCConfigDescriptors
000063dc   g_pMSCInterface
00006588   g_pManufacturerString
00006560   g_pProductString
0000650c   g_pSerialNumberString
00006520   g_pStringDescriptors
20007524   g_pfTickHandlers
20000000   g_pfnRAMVectors
00000000   g_pfnVectors
20007c90   g_psMSCSections
20007400   g_psUSBDevice
2000753c   g_pvTickInstance
20007570   g_sDriveInformation
00006404   g_sMSCConfigHeader
000063f4   g_sMSCConfigSection
00006354   g_sMSCDevice
20007c28   g_sMSCDeviceInfo
20006d64   g_sMSCInstance
000063fc   g_sMSCInterfaceSection
00006200   g_sUSBMSCFIFOConfig
20007c9c   g_ulCurrentUSBTick
20007564   g_ulPollRate
20007ca0   g_ulUSBSOFCount
20007ca8   g_ulWaitTicks
00002ec1   get_fat
00004563   highPassFunction
20007be8   highPins
20007bac   index2
000036a1   initButtons
00000f69   initSD
00004b4d   initTempoLed
20007c08   isBitwise
20007be0   isDecimator
000060af   keyPressHandler
00004105   loadSample
20007bcc   loadTrack
20007bb2   loadingBlock
20007bbd   loadingBlock_2
000043f9   lowPassFunction
20007bf8   lowPins
0000472d   main
00004081   mainUSB
20007cd4   main_func_sp
0000373d   memcpy
20007454   mpcConfig
00003a2d   notchPassFunction
20007c10   numBlocks
20007be4   oldTrack
00004f0f   openAndReadHeader
20006f94   pCoeffs
000031d5   periphSetup
20007bb1   playingBlock
20007bbc   playingBlock_2
20007bc4   playingTracks
20007ba8   pointer
20007bd0   pot1Value
20007bd4   pot2Value
20007bd8   pot3Value
20007bdc   pot4Value
00005935   raise
20007000   sDMAControlTable
20007bb3   sampleWaiting
20007bbe   sampleWaiting_2
0000189d   scanButtons
00005dc9   setRowPinHigh
00005489   signal
00005daf   sin
20006fe8   snr
20007bb8   tempo
20007bb0   tempoLit
000034ad   timerSetup
00005381   uDMAChannelAttributeDisable
00005be5   uDMAChannelControlSet
00005ed5   uDMAChannelEnable
000059bd   uDMAChannelModeGet
00004185   uDMAChannelTransferSet
000060e1   uDMAControlBaseSet
00006075   uDMAEnable
20000400   wavPlayer


GLOBAL SYMBOLS: SORTED BY Symbol Address 

address    name
--------   ----
00000000   __TI_static_base__
00000000   g_pfnVectors
00000001   __TI_args_main
0000026d   _Sin
00000400   __STACK_SIZE
00000531   UARTprintf
00000bd9   SysCtlClockGet
00000db1   __aeabi_dsub
00000dbb   __aeabi_dadd
00000f69   initSD
0000110b   disk_ioctl
00001299   USBDeviceConfig
00001421   Timer0IntHandler
000015a7   emptyFunction
000015a9   fmod
00001725   biquad_gen
0000189d   scanButtons
00001a13   disk_initialize
00001e49   checkSamples
00001f9d   SysCtlClockSet
000020d9   arm_biquad_cascade_df1_f32
00002215   __aeabi_ddiv
0000234b   checkADC
0000247f   f_read
000025a1   _Dscale
000027a5   __aeabi_dmul
000028a1   USBDCDInit
00002995   f_lseek
00002b61   USBDSCSICommand
00002c41   disk_write
00002d1d   USBDeviceEnumHandler
00002ec1   get_fat
00002f91   GPIOPadConfigSet
00003059   _Dnorm
00003119   USBDeviceConfigAlternate
000031d5   periphSetup
00003349   disk_read
000033fd   USBDMSCCompositeInit
000034ad   timerSetup
0000355d   USBDeviceIntHandlerInternal
000036a1   initButtons
0000373d   __aeabi_memcpy
0000373d   __aeabi_memcpy4
0000373d   __aeabi_memcpy8
0000373d   memcpy
000037d9   UARTgets
00003871   SysCtlPeripheralReset
00003999   __TI_auto_init
00003a2d   notchPassFunction
00003c5d   arm_add_f32
00003ce3   f_open
00004081   mainUSB
00004105   loadSample
00004185   uDMAChannelTransferSet
00004283   __aeabi_cdcmpeq
00004283   __aeabi_cdcmple
00004301   bandPassFunction
000043f9   lowPassFunction
000044ed   USBDevEndpointConfigSet
00004563   highPassFunction
000046bd   USBDMSCEventCallback
0000472d   main
0000479d   ADCSequenceStepConfigure
00004809   UARTStdioConfig
0000494d   arm_scale_f32
00004a89   IntEnable
00004b4d   initTempoLed
00004bad   USBDevEndpointStatusClear
00004cc5   SysCtlPeripheralEnable
00004e21   USBDCDConfigDescGet
00004e71   USBDevEndpointStallClear
00004f0f   openAndReadHeader
00004f5d   copy_in
00004fa9   __aeabi_d2f
00004ff5   GPIOPinConfigure
0000503d   USBDeviceResumeTickHandler
000050cd   _c_int00
00005115   __aeabi_d2iz
0000515d   UARTwrite
000051a3   USBFIFOConfigSet
000051e9   GPIOIntTypeSet
0000522d   SSIConfigSetExpClk
000052b5   USBEndpointDataGet
000052f9   C$$EXIT
000052fd   abort
00005305   exit
0000533d   _Dtest
00005381   uDMAChannelAttributeDisable
00005407   __aeabi_uidivmod
00005449   Timer3IntHandler
00005489   signal
00005507   USBDCDConfigGetInterfaceEndpoint
00005579   USBIntStatusControl
000055b1   __aeabi_f2d
0000561f   USBDevEndpointStall
00005655   IntRegister
00005689   InternalUSBStartOfFrameTick
000056f1   feraiseexcept
00005725   USBDeviceEnumResetHandler
000057bd   InternalUSBTickInit
000057ed   USBDMSCStorageOpen
0000581d   USBEndpointDataPut
0000584d   _Feraise
0000587d   ADCIntStatus
000058ab   GPIODirModeSet
000058d9   USBEndpointDataSend
00005907   __aeabi_i2d
00005935   raise
00005963   USBDCDConfigDescGetNum
0000598f   USBDescGet
000059bd   uDMAChannelModeGet
000059e9   ADCSequenceConfigure
00005a13   f_mount
00005a3d   TimerConfigure
00005a65   USBDescGetNum
00005a8d   USBIntEnableControl
00005b2d   disk_timerproc
00005b79   USBDevEndpointDataAck
00005b9d   USBEndpointDMADisable
00005bc1   USBEndpointDMAEnable
00005be5   uDMAChannelControlSet
00005c73   ADCSequenceDataGet
00005c95   USBStackModeSet
00005cb5   UARTStdioInit
00005cf1   USBDCDConfigGetInterface
00005d0d   USBDCDStallEP0
00005d29   USBDMSCStorageClose
00005d61   Timer2IntHandler
00005d7b   USBEndpointDMAChannel
00005d95   cos
00005daf   sin
00005dc9   setRowPinHigh
00005de3   GPIOPortIntRegister
00005dfb   SysTickHandler
00005e15   USB0DeviceIntHandler
00005e2d   USBDCDConfigDescGetSize
00005e45   USBDMSCInit
00005e8d   clust2sect
00005ea5   _register_unlock
00005eab   _register_lock
00005eb1   _nop
00005ebd   _args_main
00005ed5   uDMAChannelEnable
00005eed   ADCProcessorTrigger
00005f03   USBDMSCStorageRead
00005f19   USBDMSCStorageWrite
00005f2f   USBHostResume
00005f5b   USBIntEnableEndpoint
00005f6f   GPIOPinTypeGPIOInput
00005f81   GPIOPinTypeGPIOOutput
00005f93   GPIOPinTypeSSI
00005fa5   GPIOPinTypeUART
00005fb7   GPIOPinTypeUSBAnalog
00005fc9   SSIDataGetNonBlocking
00005fdb   TimerLoadSet
00005fed   USBEndpointStatus
00005fff   __TI_zero_init
00006011   disk_status
00006025   FPUEnable
00006035   FPULazyStackingEnable
00006045   SysCtlUSBPLLEnable
00006055   USBDCDSendDataEP0
00006065   USBDMSCStorageNumBlocks
00006075   uDMAEnable
00006085   ADCSequenceEnable
00006093   TimerEnable
000060a1   __TI_decompress_none
000060af   keyPressHandler
000060bd   CPUcpsid
000060c9   CPUcpsie
000060d5   USBIntStatusEndpoint
000060e1   uDMAControlBaseSet
000060ed   GPIOPinRead
000060f7   GPIOPinWrite
00006101   IntMasterDisable
0000610b   IntMasterEnable
00006115   SSIDataPut
0000611f   SSIEnable
00006129   USBDevConnect
00006133   USBDevDisconnect
0000613d   SSIBusy
00006145   TimerIntEnable
0000614d   USBDevMode
00006155   USBFIFOAddrGet
0000615d   USBOTGMode
00006165   GPIOPinIntClear
0000616b   ResetISR
00006171   SysCtlDelay
00006177   __TI_decompress_rle24
0000617d   TimerIntClear
00006181   USBDevAddrSet
00006200   g_sUSBMSCFIFOConfig
00006354   g_sMSCDevice
000063dc   g_pMSCInterface
000063f4   g_sMSCConfigSection
000063fc   g_sMSCInterfaceSection
00006404   g_sMSCConfigHeader
0000640c   g_pMSCConfigDescriptors
00006478   g_pConfigString
00006508   g_pLangDescriptor
0000650c   g_pSerialNumberString
00006520   g_pStringDescriptors
00006538   g_pDataInterfaceString
00006560   g_pProductString
00006588   g_pManufacturerString
00006744   __TI_Handler_Table_Base
00006750   __TI_Handler_Table_Limit
00006760   __TI_CINIT_Base
00006778   __TI_CINIT_Limit
20000000   g_pfnRAMVectors
20000400   wavPlayer
20006d64   g_sMSCInstance
20006f94   pCoeffs
20006fe8   snr
20006fec   g_eMSCState
20007000   sDMAControlTable
20007400   g_psUSBDevice
20007454   mpcConfig
20007524   g_pfTickHandlers
2000753c   g_pvTickInstance
20007564   g_ulPollRate
20007568   g_eOTGModeState
20007570   g_sDriveInformation
20007574   __stack
20007974   __STACK_END
20007974   __STACK_TOP
20007978   filenames
20007b28   _Denorm
20007b38   _Eps
20007b48   _Hugeval
20007b58   _Inf
20007b68   _Nan
20007b78   _Snan
20007b88   _Rteps
20007b98   _Xbig
20007ba0   _Zero
20007ba8   pointer
20007bac   index2
20007bb0   tempoLit
20007bb1   playingBlock
20007bb2   loadingBlock
20007bb3   sampleWaiting
20007bb4   blockPointer
20007bb8   tempo
20007bbc   playingBlock_2
20007bbd   loadingBlock_2
20007bbe   sampleWaiting_2
20007bc0   blockPointer_2
20007bc4   playingTracks
20007bcc   loadTrack
20007bd0   pot1Value
20007bd4   pot2Value
20007bd8   pot3Value
20007bdc   pot4Value
20007be0   isDecimator
20007be4   oldTrack
20007be8   highPins
20007bf8   lowPins
20007c08   isBitwise
20007c0c   blockSize
20007c10   numBlocks
20007c14   func_ptr
20007c28   g_sMSCDeviceInfo
20007c90   g_psMSCSections
20007c98   g_bUSBTimerInitialized
20007c9c   g_ulCurrentUSBTick
20007ca0   g_ulUSBSOFCount
20007ca4   g_eUSBMode
20007ca8   g_ulWaitTicks
20007cb0   _lock
20007cb4   _unlock
20007cb8   _cleanup_ptr
20007cbc   _dtors_ptr
20007cc0   _Fenv
20007cc4   _Tls_setup__Fenv
20007cd0   _Errno
20007cd4   main_func_sp
ffffffff   __binit__
ffffffff   __c_args__
ffffffff   binit
UNDEFED    SHT$$INIT_ARRAY$$Base
UNDEFED    SHT$$INIT_ARRAY$$Limit

[282 symbols]
